# (This file is the basis of the `filesdump-compact.txt` in which it is included, i.e. the document you are reading right now.
# The files in this manifest are the relevant files for understanding how the project hangs together.
# Files which are commented out are not included in the `filesdump-compact.txt`.)

# IMPORTANT: This is a manifest to create a "compact" filesdump, for analysis purposes.
# Not included: initial instructions, tests, history, configuration files.
manifest-compact.lst

# Original `manifest.lst` included as reference.
manifest.lst

tmp/project_tree.txt

README.md
GOALS.md
TODO.md

### --- Build & Configuration ---

Makefile
tools/requirements.txt

### --- Swift ---

Anima/Anima/AnimaPDFView.swift
Anima/Anima/AnnotationManager.swift
Anima/Anima/AppDelegate.swift
Anima/Anima/BookmarkManager.swift
Anima/Anima/CommentCardView.swift
Anima/Anima/CommentInputPanel.swift
Anima/Anima/FitzBridge.swift
Anima/Anima/JumpStationPanel.swift
Anima/Anima/MainViewController.swift
Anima/Anima/SidebarExtractor.swift

### --- Tools ---

tools/anima_helper.py
